
*** Running vivado
    with args -log cpu.vds -m64 -product Vivado -mode batch -messageDb vivado.pb -notrace -source cpu.tcl



****** Vivado v2021.1 (64-bit)
  **** SW Build 3247384 on Thu Jun 10 19:36:33 MDT 2021
  **** IP Build 3246043 on Fri Jun 11 00:30:35 MDT 2021
    ** Copyright 1986-2021 Xilinx, Inc. All Rights Reserved.

source cpu.tcl -notrace
Command: synth_design -top cpu -part xc7k70tfbv676-1
Starting synth_design
Attempting to get a license for feature 'Synthesis' and/or device 'xc7k70t'
INFO: [Common 17-349] Got license for feature 'Synthesis' and/or device 'xc7k70t'
INFO: [Synth 8-7079] Multithreading enabled for synth_design using a maximum of 2 processes.
INFO: [Synth 8-7078] Launching helper process for spawning children vivado processes
INFO: [Synth 8-7075] Helper process launched with PID 6960
---------------------------------------------------------------------------------
Starting Synthesize : Time (s): cpu = 00:00:05 ; elapsed = 00:00:05 . Memory (MB): peak = 1143.934 ; gain = 0.000
---------------------------------------------------------------------------------
INFO: [Synth 8-638] synthesizing module 'cpu' [E:/Simulations/Xilinx/Projects/EE210P/Lab6_V2/Lab6_V2.srcs/sources_1/new/cpu.vhd:13]
INFO: [Synth 8-3491] module 'reg' declared at 'E:/Simulations/Xilinx/Projects/EE210P/Lab6_V2/Lab6_V2.srcs/sources_1/new/reg.vhd:5' bound to instance 'Buss' of component 'reg' [E:/Simulations/Xilinx/Projects/EE210P/Lab6_V2/Lab6_V2.srcs/sources_1/new/cpu.vhd:68]
INFO: [Synth 8-638] synthesizing module '\reg ' [E:/Simulations/Xilinx/Projects/EE210P/Lab6_V2/Lab6_V2.srcs/sources_1/new/reg.vhd:17]
WARNING: [Synth 8-614] signal 'din' is read in the process but is not in the sensitivity list [E:/Simulations/Xilinx/Projects/EE210P/Lab6_V2/Lab6_V2.srcs/sources_1/new/reg.vhd:21]
WARNING: [Synth 8-614] signal 'input' is read in the process but is not in the sensitivity list [E:/Simulations/Xilinx/Projects/EE210P/Lab6_V2/Lab6_V2.srcs/sources_1/new/reg.vhd:21]
INFO: [Synth 8-256] done synthesizing module '\reg ' (1#1) [E:/Simulations/Xilinx/Projects/EE210P/Lab6_V2/Lab6_V2.srcs/sources_1/new/reg.vhd:17]
INFO: [Synth 8-3491] module 'reg' declared at 'E:/Simulations/Xilinx/Projects/EE210P/Lab6_V2/Lab6_V2.srcs/sources_1/new/reg.vhd:5' bound to instance 'R0' of component 'reg' [E:/Simulations/Xilinx/Projects/EE210P/Lab6_V2/Lab6_V2.srcs/sources_1/new/cpu.vhd:69]
INFO: [Synth 8-3491] module 'reg' declared at 'E:/Simulations/Xilinx/Projects/EE210P/Lab6_V2/Lab6_V2.srcs/sources_1/new/reg.vhd:5' bound to instance 'R1' of component 'reg' [E:/Simulations/Xilinx/Projects/EE210P/Lab6_V2/Lab6_V2.srcs/sources_1/new/cpu.vhd:70]
INFO: [Synth 8-3491] module 'reg' declared at 'E:/Simulations/Xilinx/Projects/EE210P/Lab6_V2/Lab6_V2.srcs/sources_1/new/reg.vhd:5' bound to instance 'R2' of component 'reg' [E:/Simulations/Xilinx/Projects/EE210P/Lab6_V2/Lab6_V2.srcs/sources_1/new/cpu.vhd:71]
INFO: [Synth 8-3491] module 'reg' declared at 'E:/Simulations/Xilinx/Projects/EE210P/Lab6_V2/Lab6_V2.srcs/sources_1/new/reg.vhd:5' bound to instance 'R3' of component 'reg' [E:/Simulations/Xilinx/Projects/EE210P/Lab6_V2/Lab6_V2.srcs/sources_1/new/cpu.vhd:72]
INFO: [Synth 8-3491] module 'reg' declared at 'E:/Simulations/Xilinx/Projects/EE210P/Lab6_V2/Lab6_V2.srcs/sources_1/new/reg.vhd:5' bound to instance 'R4' of component 'reg' [E:/Simulations/Xilinx/Projects/EE210P/Lab6_V2/Lab6_V2.srcs/sources_1/new/cpu.vhd:73]
INFO: [Synth 8-3491] module 'reg' declared at 'E:/Simulations/Xilinx/Projects/EE210P/Lab6_V2/Lab6_V2.srcs/sources_1/new/reg.vhd:5' bound to instance 'R5' of component 'reg' [E:/Simulations/Xilinx/Projects/EE210P/Lab6_V2/Lab6_V2.srcs/sources_1/new/cpu.vhd:74]
INFO: [Synth 8-3491] module 'reg' declared at 'E:/Simulations/Xilinx/Projects/EE210P/Lab6_V2/Lab6_V2.srcs/sources_1/new/reg.vhd:5' bound to instance 'R6' of component 'reg' [E:/Simulations/Xilinx/Projects/EE210P/Lab6_V2/Lab6_V2.srcs/sources_1/new/cpu.vhd:75]
INFO: [Synth 8-3491] module 'reg' declared at 'E:/Simulations/Xilinx/Projects/EE210P/Lab6_V2/Lab6_V2.srcs/sources_1/new/reg.vhd:5' bound to instance 'R7' of component 'reg' [E:/Simulations/Xilinx/Projects/EE210P/Lab6_V2/Lab6_V2.srcs/sources_1/new/cpu.vhd:76]
INFO: [Synth 8-3491] module 'reg' declared at 'E:/Simulations/Xilinx/Projects/EE210P/Lab6_V2/Lab6_V2.srcs/sources_1/new/reg.vhd:5' bound to instance 'DINN' of component 'reg' [E:/Simulations/Xilinx/Projects/EE210P/Lab6_V2/Lab6_V2.srcs/sources_1/new/cpu.vhd:77]
INFO: [Synth 8-3491] module 'reg' declared at 'E:/Simulations/Xilinx/Projects/EE210P/Lab6_V2/Lab6_V2.srcs/sources_1/new/reg.vhd:5' bound to instance 'A' of component 'reg' [E:/Simulations/Xilinx/Projects/EE210P/Lab6_V2/Lab6_V2.srcs/sources_1/new/cpu.vhd:78]
INFO: [Synth 8-3491] module 'reg' declared at 'E:/Simulations/Xilinx/Projects/EE210P/Lab6_V2/Lab6_V2.srcs/sources_1/new/reg.vhd:5' bound to instance 'G' of component 'reg' [E:/Simulations/Xilinx/Projects/EE210P/Lab6_V2/Lab6_V2.srcs/sources_1/new/cpu.vhd:79]
INFO: [Synth 8-3491] module 'reg' declared at 'E:/Simulations/Xilinx/Projects/EE210P/Lab6_V2/Lab6_V2.srcs/sources_1/new/reg.vhd:5' bound to instance 'IR' of component 'reg' [E:/Simulations/Xilinx/Projects/EE210P/Lab6_V2/Lab6_V2.srcs/sources_1/new/cpu.vhd:80]
INFO: [Synth 8-3491] module 'mux' declared at 'E:/Simulations/Xilinx/Projects/EE210P/Lab6_V2/Lab6_V2.srcs/sources_1/new/mux.vhd:5' bound to instance 'demux' of component 'mux' [E:/Simulations/Xilinx/Projects/EE210P/Lab6_V2/Lab6_V2.srcs/sources_1/new/cpu.vhd:82]
INFO: [Synth 8-638] synthesizing module 'mux' [E:/Simulations/Xilinx/Projects/EE210P/Lab6_V2/Lab6_V2.srcs/sources_1/new/mux.vhd:13]
INFO: [Synth 8-256] done synthesizing module 'mux' (2#1) [E:/Simulations/Xilinx/Projects/EE210P/Lab6_V2/Lab6_V2.srcs/sources_1/new/mux.vhd:13]
INFO: [Synth 8-3491] module 'cu' declared at 'E:/Simulations/Xilinx/Projects/EE210P/Lab6_V2/Lab6_V2.srcs/sources_1/new/cu.vhd:4' bound to instance 'control' of component 'cu' [E:/Simulations/Xilinx/Projects/EE210P/Lab6_V2/Lab6_V2.srcs/sources_1/new/cpu.vhd:83]
INFO: [Synth 8-638] synthesizing module 'cu' [E:/Simulations/Xilinx/Projects/EE210P/Lab6_V2/Lab6_V2.srcs/sources_1/new/cu.vhd:16]
INFO: [Synth 8-226] default block is never used [E:/Simulations/Xilinx/Projects/EE210P/Lab6_V2/Lab6_V2.srcs/sources_1/new/cu.vhd:40]
INFO: [Synth 8-256] done synthesizing module 'cu' (3#1) [E:/Simulations/Xilinx/Projects/EE210P/Lab6_V2/Lab6_V2.srcs/sources_1/new/cu.vhd:16]
INFO: [Synth 8-3491] module 'alu' declared at 'E:/Simulations/Xilinx/Projects/EE210P/Lab6_V2/Lab6_V2.srcs/sources_1/new/alu.vhd:5' bound to instance 'aluu' of component 'alu' [E:/Simulations/Xilinx/Projects/EE210P/Lab6_V2/Lab6_V2.srcs/sources_1/new/cpu.vhd:84]
INFO: [Synth 8-638] synthesizing module 'alu' [E:/Simulations/Xilinx/Projects/EE210P/Lab6_V2/Lab6_V2.srcs/sources_1/new/alu.vhd:15]
INFO: [Synth 8-256] done synthesizing module 'alu' (4#1) [E:/Simulations/Xilinx/Projects/EE210P/Lab6_V2/Lab6_V2.srcs/sources_1/new/alu.vhd:15]
INFO: [Synth 8-256] done synthesizing module 'cpu' (5#1) [E:/Simulations/Xilinx/Projects/EE210P/Lab6_V2/Lab6_V2.srcs/sources_1/new/cpu.vhd:13]
---------------------------------------------------------------------------------
Finished Synthesize : Time (s): cpu = 00:00:06 ; elapsed = 00:00:06 . Memory (MB): peak = 1143.934 ; gain = 0.000
---------------------------------------------------------------------------------
---------------------------------------------------------------------------------
Finished Constraint Validation : Time (s): cpu = 00:00:06 ; elapsed = 00:00:06 . Memory (MB): peak = 1143.934 ; gain = 0.000
---------------------------------------------------------------------------------
---------------------------------------------------------------------------------
Start Loading Part and Timing Information
---------------------------------------------------------------------------------
Loading part: xc7k70tfbv676-1
---------------------------------------------------------------------------------
Finished Loading Part and Timing Information : Time (s): cpu = 00:00:06 ; elapsed = 00:00:06 . Memory (MB): peak = 1143.934 ; gain = 0.000
---------------------------------------------------------------------------------
INFO: [Device 21-403] Loading part xc7k70tfbv676-1
INFO: [Synth 8-802] inferred FSM for state register 'st_reg' in module 'cu'
WARNING: [Synth 8-327] inferring latch for variable 'lines_reg' [E:/Simulations/Xilinx/Projects/EE210P/Lab6_V2/Lab6_V2.srcs/sources_1/new/mux.vhd:21]
WARNING: [Synth 8-327] inferring latch for variable 'tmuxval_reg' [E:/Simulations/Xilinx/Projects/EE210P/Lab6_V2/Lab6_V2.srcs/sources_1/new/cu.vhd:34]
---------------------------------------------------------------------------------------------------
                   State |                     New Encoding |                Previous Encoding 
---------------------------------------------------------------------------------------------------
                     s00 |                             0000 |                             0000
                      s0 |                             0001 |                             0001
                      s1 |                             0010 |                             0010
                      s2 |                             0011 |                             0011
                      s3 |                             0100 |                             0100
                      s4 |                             0101 |                             0101
                      s5 |                             0110 |                             0110
                      s6 |                             0111 |                             0111
                      s7 |                             1000 |                             1000
                      s8 |                             1001 |                             1001
                      s9 |                             1010 |                             1010
---------------------------------------------------------------------------------------------------
INFO: [Synth 8-3354] encoded FSM with state register 'st_reg' using encoding 'sequential' in module 'cu'
WARNING: [Synth 8-327] inferring latch for variable 'tmuxaddr_reg' [E:/Simulations/Xilinx/Projects/EE210P/Lab6_V2/Lab6_V2.srcs/sources_1/new/cu.vhd:35]
WARNING: [Synth 8-327] inferring latch for variable 'aluop_reg' [E:/Simulations/Xilinx/Projects/EE210P/Lab6_V2/Lab6_V2.srcs/sources_1/new/cu.vhd:87]
WARNING: [Synth 8-327] inferring latch for variable 'aluen_reg' [E:/Simulations/Xilinx/Projects/EE210P/Lab6_V2/Lab6_V2.srcs/sources_1/new/cu.vhd:86]
WARNING: [Synth 8-327] inferring latch for variable 't16_reg' [E:/Simulations/Xilinx/Projects/EE210P/Lab6_V2/Lab6_V2.srcs/sources_1/new/alu.vhd:24]
---------------------------------------------------------------------------------
Finished RTL Optimization Phase 2 : Time (s): cpu = 00:00:06 ; elapsed = 00:00:06 . Memory (MB): peak = 1143.934 ; gain = 0.000
---------------------------------------------------------------------------------
No constraint files found.
---------------------------------------------------------------------------------
Start RTL Component Statistics 
---------------------------------------------------------------------------------
Detailed RTL Component Info : 
+---Adders : 
	   3 Input   16 Bit       Adders := 1     
+---XORs : 
	   2 Input     16 Bit         XORs := 1     
+---Registers : 
	                1 Bit    Registers := 1     
+---Muxes : 
	  13 Input   16 Bit        Muxes := 2     
	   7 Input   16 Bit        Muxes := 2     
	  11 Input    4 Bit        Muxes := 2     
	   8 Input    4 Bit        Muxes := 1     
	   2 Input    4 Bit        Muxes := 1     
	  11 Input    1 Bit        Muxes := 6     
---------------------------------------------------------------------------------
Finished RTL Component Statistics 
---------------------------------------------------------------------------------
---------------------------------------------------------------------------------
Start Part Resource Summary
---------------------------------------------------------------------------------
Part Resources:
DSPs: 240 (col length:80)
BRAMs: 270 (col length: RAMB18 80 RAMB36 40)
---------------------------------------------------------------------------------
Finished Part Resource Summary
---------------------------------------------------------------------------------
No constraint files found.
---------------------------------------------------------------------------------
Start Cross Boundary and Area Optimization
---------------------------------------------------------------------------------
---------------------------------------------------------------------------------
Finished Cross Boundary and Area Optimization : Time (s): cpu = 00:00:10 ; elapsed = 00:00:11 . Memory (MB): peak = 1143.934 ; gain = 0.000
---------------------------------------------------------------------------------
No constraint files found.
---------------------------------------------------------------------------------
Start Timing Optimization
---------------------------------------------------------------------------------
---------------------------------------------------------------------------------
Finished Timing Optimization : Time (s): cpu = 00:00:10 ; elapsed = 00:00:11 . Memory (MB): peak = 1143.934 ; gain = 0.000
---------------------------------------------------------------------------------
---------------------------------------------------------------------------------
Start Technology Mapping
---------------------------------------------------------------------------------
---------------------------------------------------------------------------------
Finished Technology Mapping : Time (s): cpu = 00:00:10 ; elapsed = 00:00:11 . Memory (MB): peak = 1143.934 ; gain = 0.000
---------------------------------------------------------------------------------
---------------------------------------------------------------------------------
Start IO Insertion
---------------------------------------------------------------------------------
---------------------------------------------------------------------------------
Start Flattening Before IO Insertion
---------------------------------------------------------------------------------
---------------------------------------------------------------------------------
Finished Flattening Before IO Insertion
---------------------------------------------------------------------------------
---------------------------------------------------------------------------------
Start Final Netlist Cleanup
---------------------------------------------------------------------------------
---------------------------------------------------------------------------------
Finished Final Netlist Cleanup
---------------------------------------------------------------------------------
---------------------------------------------------------------------------------
Finished IO Insertion : Time (s): cpu = 00:00:14 ; elapsed = 00:00:14 . Memory (MB): peak = 1143.934 ; gain = 0.000
---------------------------------------------------------------------------------
---------------------------------------------------------------------------------
Start Renaming Generated Instances
---------------------------------------------------------------------------------
---------------------------------------------------------------------------------
Finished Renaming Generated Instances : Time (s): cpu = 00:00:14 ; elapsed = 00:00:14 . Memory (MB): peak = 1143.934 ; gain = 0.000
---------------------------------------------------------------------------------
---------------------------------------------------------------------------------
Start Rebuilding User Hierarchy
---------------------------------------------------------------------------------
---------------------------------------------------------------------------------
Finished Rebuilding User Hierarchy : Time (s): cpu = 00:00:14 ; elapsed = 00:00:14 . Memory (MB): peak = 1143.934 ; gain = 0.000
---------------------------------------------------------------------------------
---------------------------------------------------------------------------------
Start Renaming Generated Ports
---------------------------------------------------------------------------------
---------------------------------------------------------------------------------
Finished Renaming Generated Ports : Time (s): cpu = 00:00:14 ; elapsed = 00:00:14 . Memory (MB): peak = 1143.934 ; gain = 0.000
---------------------------------------------------------------------------------
---------------------------------------------------------------------------------
Start Handling Custom Attributes
---------------------------------------------------------------------------------
---------------------------------------------------------------------------------
Finished Handling Custom Attributes : Time (s): cpu = 00:00:14 ; elapsed = 00:00:14 . Memory (MB): peak = 1143.934 ; gain = 0.000
---------------------------------------------------------------------------------
---------------------------------------------------------------------------------
Start Renaming Generated Nets
---------------------------------------------------------------------------------
---------------------------------------------------------------------------------
Finished Renaming Generated Nets : Time (s): cpu = 00:00:14 ; elapsed = 00:00:14 . Memory (MB): peak = 1143.934 ; gain = 0.000
---------------------------------------------------------------------------------
---------------------------------------------------------------------------------
Start Writing Synthesis Report
---------------------------------------------------------------------------------

Report BlackBoxes: 
+-+--------------+----------+
| |BlackBox name |Instances |
+-+--------------+----------+
+-+--------------+----------+

Report Cell Usage: 
+------+------+------+
|      |Cell  |Count |
+------+------+------+
|1     |BUFG  |     1|
|2     |LUT1  |    26|
|3     |LUT2  |   192|
|4     |LUT3  |     1|
|5     |LUT4  |    55|
|6     |LUT5  |     4|
|7     |LUT6  |   117|
|8     |FDCE  |    10|
|9     |FDRE  |   142|
|10    |LD    |    28|
|11    |IBUF  |     2|
|12    |OBUFT |    16|
+------+------+------+

Report Instance Areas: 
+------+----------+-------+------+
|      |Instance  |Module |Cells |
+------+----------+-------+------+
|1     |top       |       |   594|
|2     |  IR      |\reg   |    28|
|3     |  R0      |reg_0  |    32|
|4     |  R1      |reg_1  |    32|
|5     |  R2      |reg_2  |    32|
|6     |  R3      |reg_3  |    32|
|7     |  R4      |reg_4  |    32|
|8     |  R5      |reg_5  |    32|
|9     |  R6      |reg_6  |    32|
|10    |  R7      |reg_7  |    39|
|11    |  control |cu     |    34|
|12    |  demux   |mux    |   196|
+------+----------+-------+------+
---------------------------------------------------------------------------------
Finished Writing Synthesis Report : Time (s): cpu = 00:00:14 ; elapsed = 00:00:14 . Memory (MB): peak = 1143.934 ; gain = 0.000
---------------------------------------------------------------------------------
Synthesis finished with 0 errors, 0 critical warnings and 8 warnings.
Synthesis Optimization Runtime : Time (s): cpu = 00:00:14 ; elapsed = 00:00:14 . Memory (MB): peak = 1143.934 ; gain = 0.000
Synthesis Optimization Complete : Time (s): cpu = 00:00:14 ; elapsed = 00:00:14 . Memory (MB): peak = 1143.934 ; gain = 0.000
INFO: [Project 1-571] Translating synthesized netlist
Netlist sorting complete. Time (s): cpu = 00:00:00 ; elapsed = 00:00:00.010 . Memory (MB): peak = 1143.934 ; gain = 0.000
INFO: [Netlist 29-17] Analyzing 28 Unisim elements for replacement
INFO: [Netlist 29-28] Unisim Transformation completed in 0 CPU seconds
INFO: [Project 1-570] Preparing netlist for logic optimization
INFO: [Opt 31-138] Pushed 0 inverter(s) to 0 load pin(s).
Netlist sorting complete. Time (s): cpu = 00:00:00 ; elapsed = 00:00:00 . Memory (MB): peak = 1143.934 ; gain = 0.000
INFO: [Project 1-111] Unisim Transformation Summary:
  A total of 28 instances were transformed.
  LD => LDCE: 28 instances

Synth Design complete, checksum: 3e101f1d
INFO: [Common 17-83] Releasing license: Synthesis
41 Infos, 8 Warnings, 0 Critical Warnings and 0 Errors encountered.
synth_design completed successfully
synth_design: Time (s): cpu = 00:00:16 ; elapsed = 00:00:16 . Memory (MB): peak = 1143.934 ; gain = 0.000
INFO: [Common 17-1381] The checkpoint 'E:/Simulations/Xilinx/Projects/EE210P/Lab6_V2/Lab6_V2.runs/synth_1/cpu.dcp' has been generated.
INFO: [runtcl-4] Executing : report_utilization -file cpu_utilization_synth.rpt -pb cpu_utilization_synth.pb
INFO: [Common 17-206] Exiting Vivado at Wed Nov 17 15:06:38 2021...
