Vivado Simulator v2021.1
Copyright 1986-1999, 2001-2021 Xilinx, Inc. All Rights Reserved.
Running: E:/Simulations/Xilinx/Vivado/2021.1/bin/unwrapped/win64.o/xelab.exe -wto 83e77552bbaf4d279623bd38f08485b1 --incr --debug typical --relax --mt 2 -L xil_defaultlib -L secureip --snapshot cputb_behav xil_defaultlib.cputb -log elaborate.log 
Using 2 slave threads.
Starting static elaboration
Completed static elaboration
Starting simulation data flow analysis
Completed simulation data flow analysis
Time Resolution for simulation is 1ps
Compiling package std.standard
Compiling package std.textio
Compiling package ieee.std_logic_1164
Compiling package ieee.std_logic_arith
Compiling package ieee.std_logic_unsigned
Compiling architecture behav of entity xil_defaultlib.reg [reg_default]
Compiling architecture behav of entity xil_defaultlib.mux [mux_default]
Compiling architecture behavioral of entity xil_defaultlib.cu [cu_default]
Compiling architecture behav of entity xil_defaultlib.alu [alu_default]
Compiling architecture structural of entity xil_defaultlib.cpu [cpu_default]
Compiling architecture behav of entity xil_defaultlib.cputb
Built simulation snapshot cputb_behav
